[2026-05-12 20:19:39] ℹ️ [INFO] Application started
[2026-05-12 20:19:39] ℹ️ [INFO] New day: Вторник
[2026-05-12 20:19:47] • [WARNING] Файл гимна не выбран или не найден. Выберите файл в настройках.
[2026-05-12 20:19:47] • [WARNING] Файл объявления не выбран или не найден. Выберите файл в настройках.
[2026-05-12 20:19:47] • [WARNING] Файл гимна не выбран или не найден. Выберите файл в настройках.
[2026-05-12 20:19:47] • [WARNING] Файл объявления не выбран или не найден. Выберите файл в настройках.
[2026-05-12 20:19:48] • [WARNING] Файл гимна не выбран или не найден. Выберите файл в настройках.
[2026-05-12 20:19:48] • [WARNING] Файл объявления не выбран или не найден. Выберите файл в настройках.
[2026-05-12 20:19:48] • [WARNING] Файл гимна не выбран или не найден. Выберите файл в настройках.
[2026-05-12 20:19:48] • [WARNING] Файл объявления не выбран или не найден. Выберите файл в настройках.
[2026-05-12 20:19:49] • [WARNING] Файл гимна не выбран или не найден. Выберите файл в настройках.
[2026-05-12 20:19:49] • [WARNING] Файл объявления не выбран или не найден. Выберите файл в настройках.
[2026-05-12 20:19:49] • [WARNING] Файл гимна не выбран или не найден. Выберите файл в настройках.
[2026-05-12 20:19:49] • [WARNING] Файл объявления не выбран или не найден. Выберите файл в настройках.
[2026-05-12 20:19:50] • [WARNING] Файл гимна не выбран или не найден. Выберите файл в настройках.
[2026-05-12 20:19:50] • [WARNING] Файл объявления не выбран или не найден. Выберите файл в настройках.
[2026-05-12 20:19:50] • [WARNING] Файл гимна не выбран или не найден. Выберите файл в настройках.
[2026-05-12 20:19:50] • [WARNING] Файл объявления не выбран или не найден. Выберите файл в настройках.
[2026-05-12 20:19:51] • [WARNING] Файл гимна не выбран или не найден. Выберите файл в настройках.
[2026-05-12 20:19:51] • [WARNING] Файл объявления не выбран или не найден. Выберите файл в настройках.
[2026-05-12 20:19:51] • [WARNING] Файл гимна не выбран или не найден. Выберите файл в настройках.
[2026-05-12 20:19:51] • [WARNING] Файл объявления не выбран или не найден. Выберите файл в настройках.
[2026-05-12 20:19:52] • [WARNING] Файл гимна не выбран или не найден. Выберите файл в настройках.
[2026-05-12 20:19:52] • [WARNING] Файл объявления не выбран или не найден. Выберите файл в настройках.
[2026-05-12 20:19:52] • [WARNING] Файл гимна не выбран или не найден. Выберите файл в настройках.
[2026-05-12 20:20:15] 🔔 [BELL] Played anthem: Fight_Nights_-_Salvador_67208043.mp3 (volume: 100%)
[2026-05-12 20:20:15] 🎼 [ANTHEM] Manual anthem: Fight_Nights_-_Salvador_67208043.mp3
[2026-05-12 20:20:17] ⏹️ [STOP] Playback stopped by user
[2026-05-12 20:20:18] 🎵 [MUSIC] Played music: RADIO TAPOK - Wrong Side of Heaven.mp3 (volume: 50%)
[2026-05-12 20:20:18] 🎵 [MUSIC] Manual music playback
[2026-05-12 20:20:19] ⏹️ [STOP] Playback stopped by user
[2026-05-12 20:20:20] 🔔 [BELL] Played start: Ringin.wav (volume: 100%)
[2026-05-12 20:20:20] 🔔 [BELL] Manual start bell: Ringin.wav
[2026-05-12 20:20:26] ⏹️ [STOP] Playback stopped by user
[2026-05-12 21:13:35] ℹ️ [INFO] Application started
[2026-05-12 21:13:35] ℹ️ [INFO] New day: Вторник
[2026-05-12 21:13:51] ℹ️ [INFO] Application closed from close dialog
